// Jest Snapshot v1, https://goo.gl/fbAQLP

exports[`Test Box component renders correctly 1`] = `
<div
  className=""
/>
`;
